// Jest Snapshot v1, https://goo.gl/fbAQLP

exports[`Container component tests Create snapshot 1`] = `
<Grid__Grid
  columns="1fr 2fr 2fr"
  gap="4px"
>
  <Cell__Cell
    minWidth="200px"
  >
    <Connect(Sidebar) />
  </Cell__Cell>
  <Cell__Cell>
    <Connect(Content) />
  </Cell__Cell>
  <Cell__Cell>
    <ContentEditor />
  </Cell__Cell>
</Grid__Grid>
`;
